test/refuse/unknown_keyword.rb:5:19: Wakakusa cannot take this — `text` has no `weight:`. It takes a11y_label, align, animate, background, bold, border_color, border_radius, border_width, col_span, color, disabled, easing, enter, exit, grow, height, italic, max_lines, max_width, min_width, mono, padding, role, row_span, size, text, theme, tooltip, underline, width, wrap
        text("hello", weight: 700.0)
                      ^
